// Jest Snapshot v1, https://goo.gl/fbAQLP

exports[`render header 1`] = `
<header>
  <h1>
    Expensify
  </h1>
  <Unknown
    activeClassName="is-active"
    exact={true}
    to="/"
  >
    Dashboard
  </Unknown>
  <Unknown
    activeClassName="is-active"
    to="/create"
  >
    Create
  </Unknown>
  <Unknown
    activeClassName="is-active"
    to="/edit"
  >
    Edit
  </Unknown>
  <Unknown
    activeClassName="is-active"
    to="/help"
  >
    Help
  </Unknown>
</header>
`;
